io.github.finoid.snapshots.jackson3.serializers.v1.JacksonSnapshotSerializerTest.shouldSerializeDifferentTypes=[
  {
    "aBoolean" : true,
    "aByte" : 65,
    "aChar" : "A",
    "aDouble" : 1.123456789123456,
    "aFloat" : 0.1234567,
    "aLong" : 9223372036854775807,
    "aShort" : 32767,
    "anEnum" : "A",
    "anEnumArray" : [
      "F",
      "A",
      "D",
      "E",
      "G",
      "B",
      "C"
    ],
    "anInt" : 2147483647,
    "anObject" : { },
    "arrayList" : [
      "f",
      "a",
      "d",
      "e",
      "g",
      "b",
      "c"
    ],
    "date" : "2020-10-19T22:21:07.103Z",
    "emptyOptional" : null,
    "hashMap" : {
      "a" : 97,
      "b" : 98,
      "c" : 99,
      "d" : 100,
      "e" : 101,
      "f" : 102,
      "g" : 103
    },
    "hashSet" : [
      "a",
      "b",
      "c",
      "d",
      "e",
      "f",
      "g"
    ],
    "linkedHashMap" : {
      "a" : 97,
      "b" : 98,
      "c" : 99,
      "d" : 100,
      "e" : 101,
      "f" : 102,
      "g" : 103
    },
    "linkedHashSet" : [
      "f",
      "a",
      "d",
      "e",
      "g",
      "b",
      "c"
    ],
    "linkedList" : [
      "f",
      "a",
      "d",
      "e",
      "g",
      "b",
      "c"
    ],
    "listOfCollections" : [
      {
        "a" : 97,
        "b" : 98,
        "c" : 99,
        "d" : 100,
        "e" : 101,
        "f" : 102,
        "g" : 103
      },
      [
        "f",
        "a",
        "d",
        "e",
        "g",
        "b",
        "c"
      ],
      [
        "f",
        "a",
        "d",
        "e",
        "g",
        "b",
        "c"
      ]
    ],
    "localDate" : "2020-10-19",
    "localDateTime" : "2020-10-19T22:21:07.103",
    "presentOptional" : "Hello World",
    "string" : "Hello World",
    "stringArray" : [
      "f",
      "a",
      "d",
      "e",
      "g",
      "b",
      "c"
    ],
    "treeMap" : {
      "a" : 97,
      "b" : 98,
      "c" : 99,
      "d" : 100,
      "e" : 101,
      "f" : 102,
      "g" : 103
    },
    "treeSet" : [
      "a",
      "b",
      "c",
      "d",
      "e",
      "f",
      "g"
    ],
    "zonedDateTime" : "2020-04-19T22:21:07.103+10:00[Australia/Melbourne]"
  }
]


v1.serializers.jackson3.io.github.finoid.snapshots.JacksonSnapshotSerializerTest.shouldSerializeDifferentTypes=[
  {
    "aBoolean" : true,
    "aByte" : 65,
    "aChar" : "A",
    "aDouble" : 1.123456789123456,
    "aFloat" : 0.1234567,
    "aLong" : 9223372036854775807,
    "aShort" : 32767,
    "anEnum" : "A",
    "anEnumArray" : [
      "F",
      "A",
      "D",
      "E",
      "G",
      "B",
      "C"
    ],
    "anInt" : 2147483647,
    "anObject" : { },
    "arrayList" : [
      "f",
      "a",
      "d",
      "e",
      "g",
      "b",
      "c"
    ],
    "date" : "2020-10-19T22:21:07.103Z",
    "emptyOptional" : null,
    "hashMap" : {
      "a" : 97,
      "b" : 98,
      "c" : 99,
      "d" : 100,
      "e" : 101,
      "f" : 102,
      "g" : 103
    },
    "hashSet" : [
      "a",
      "b",
      "c",
      "d",
      "e",
      "f",
      "g"
    ],
    "linkedHashMap" : {
      "a" : 97,
      "b" : 98,
      "c" : 99,
      "d" : 100,
      "e" : 101,
      "f" : 102,
      "g" : 103
    },
    "linkedHashSet" : [
      "f",
      "a",
      "d",
      "e",
      "g",
      "b",
      "c"
    ],
    "linkedList" : [
      "f",
      "a",
      "d",
      "e",
      "g",
      "b",
      "c"
    ],
    "listOfCollections" : [
      {
        "a" : 97,
        "b" : 98,
        "c" : 99,
        "d" : 100,
        "e" : 101,
        "f" : 102,
        "g" : 103
      },
      [
        "f",
        "a",
        "d",
        "e",
        "g",
        "b",
        "c"
      ],
      [
        "f",
        "a",
        "d",
        "e",
        "g",
        "b",
        "c"
      ]
    ],
    "localDate" : "2020-10-19",
    "localDateTime" : "2020-10-19T22:21:07.103",
    "presentOptional" : "Hello World",
    "string" : "Hello World",
    "stringArray" : [
      "f",
      "a",
      "d",
      "e",
      "g",
      "b",
      "c"
    ],
    "treeMap" : {
      "a" : 97,
      "b" : 98,
      "c" : 99,
      "d" : 100,
      "e" : 101,
      "f" : 102,
      "g" : 103
    },
    "treeSet" : [
      "a",
      "b",
      "c",
      "d",
      "e",
      "f",
      "g"
    ],
    "zonedDateTime" : "2020-04-19T22:21:07.103+10:00[Australia/Melbourne]"
  }
]