docs.jackson3.io.github.finoid.snapshots.CustomSerializerUnitTest.test1=[
  {
    "somethingElse" : "This should render"
  }
]


io.github.finoid.snapshots.jackson3.docs.CustomSerializerUnitTest.givenBaseEntity_whenMatchingSnapshotWithCustomSerializer_thenSnapshotMatches=[
  {
    "somethingElse" : "This should render"
  }
]


io.github.finoid.snapshots.jackson3.docs.CustomSerializerUnitTest.test1=[
  {
    "somethingElse" : "This should render"
  }
]