io.github.finoid.snapshots.junit5.docs.JUnit5ResolutionHierarchyExample.aliasMethodTest=[
  { }
]


io.github.finoid.snapshots.junit5.docs.JUnit5ResolutionHierarchyExample.customSerializerTest=THIS IS A SNAPSHOT OF THE TOSTRING() METHOD


io.github.finoid.snapshots.junit5.docs.JUnit5ResolutionHierarchyExample.lowercaseTest=this is a snapshot of the tostring() method