hello_world=[
Hello World
]


hello_world_2=[
Hello World
]


io.github.finoid.snapshots.junit5.SnapshotExtensionUsedUnitTest.givenExpectInjectedAgain_whenMatchingSnapshot_thenSnapshotMatches=[
Hello World
]


io.github.finoid.snapshots.junit5.SnapshotExtensionUsedUnitTest.givenExpectInjectedInInstanceVariableAgain_whenMatchingSnapshot_thenSnapshotMatches=[
Hello World
]


io.github.finoid.snapshots.junit5.SnapshotExtensionUsedUnitTest.givenExpectInjectedInInstanceVariable_whenMatchingSnapshot_thenSnapshotMatches=[
Hello World
]


io.github.finoid.snapshots.junit5.SnapshotExtensionUsedUnitTest.givenExpectInjected_whenMatchingSnapshot_thenSnapshotMatches=[
Hello World
]