io.github.finoid.snapshots.junit5.SnapshotParameterTest.shouldSupportParameterizedTest=[
Duplicates are OK
]


io.github.finoid.snapshots.junit5.SnapshotParameterTest.shouldSupportParameterizedTestViaInstanceVariable=[
Duplicates are OK
]


io.github.finoid.snapshots.junit5.SnapshotParameterTest.shouldSupportParameterizedTestViaInstanceVariable[Scenario1]=[
Additional snapshots need to include a scenario
]


io.github.finoid.snapshots.junit5.SnapshotParameterTest.shouldSupportParameterizedTestViaInstanceVariable[Scenario2]=[
  "test input 1"
]


io.github.finoid.snapshots.junit5.SnapshotParameterTest.shouldSupportParameterizedTestViaInstanceVariable[Scenario3]=[
  "test input 2"
]


io.github.finoid.snapshots.junit5.SnapshotParameterTest.shouldSupportParameterizedTest[Scenario1]=[
Additional snapshots need to include a scenario
]


io.github.finoid.snapshots.junit5.SnapshotParameterTest.shouldSupportParameterizedTest[Scenario2]=[
  "test input 1"
]


io.github.finoid.snapshots.junit5.SnapshotParameterTest.shouldSupportParameterizedTest[Scenario3]=[
  "test input 2"
]