hello_world=[
Hello World
]


hello_world_2=[
Hello World
]


io.github.finoid.snapshots.junit5.SnapshotExtensionUsedTest.shouldUseExtension=[
Hello World
]


io.github.finoid.snapshots.junit5.SnapshotExtensionUsedTest.shouldUseExtensionAgain=[
Hello World
]


io.github.finoid.snapshots.junit5.SnapshotExtensionUsedTest.shouldUseExtensionAgainViaInstanceVariable=[
Hello World
]


io.github.finoid.snapshots.junit5.SnapshotExtensionUsedTest.shouldUseExtensionViaInstanceVariable=[
Hello World
]